[proofofmemes.io/index.html]
[backblue.gif]
[fade.gif]
[index.html]
[proofofmemes.io/_astro-1707145428600/_slug_.zySgga-T.css]
[proofofmemes.io/t]
[proofofmemes.io/_http_/raydium.io/__raydium.io_/a__/u__/span__span]
[proofofmemes.io/_http_/raydium.io/__in]
[proofofmemes.io/_http_/phantom.app/__phantom.app_/a__/u__/span__/h3__],_desktop__[0,{_top__[0,4224],_left__[0,635],_width__[0,589],_height__[0,70]}],_settings__[0,{_styles__[0,{_text__[0,_left_]
[assets.zyrosite.com/cdn-cgi/image/format=auto,w=1920,fit=crop/A1areJjb7KHW4k6J/website-bg-Yle5n46OOySpy46e.png]
[assets.zyrosite.com/cdn-cgi/image/format=auto,w=157,h=105,fit=crop/A1areJjb7KHW4k6J/sol_king-AzGDO7E6Eocx14pd.png]
[assets.zyrosite.com/cdn-cgi/image/format=auto,w=328,h=320,fit=crop/A1areJjb7KHW4k6J/sol_king-AzGDO7E6Eocx14pd.png]
[assets.zyrosite.com/cdn-cgi/image/format=auto,w=280,h=188,fit=crop/A1areJjb7KHW4k6J/sol_king-AzGDO7E6Eocx14pd.png]
[assets.zyrosite.com/cdn-cgi/image/format=auto,w=65,h=64,fit=crop/A1areJjb7KHW4k6J/sol_king-AzGDO7E6Eocx14pd.png]
[assets.zyrosite.com/cdn-cgi/image/format=auto,w=668,h=1002,fit=crop/A1areJjb7KHW4k6J/tab_2-Aq2NZGJZj2cNM83q.jpg]
[assets.zyrosite.com/cdn-cgi/image/format=auto,w=328,h=496,fit=crop/A1areJjb7KHW4k6J/tab_2-Aq2NZGJZj2cNM83q.jpg]
[assets.zyrosite.com/cdn-cgi/image/format=auto,w=115,h=103,fit=crop/A1areJjb7KHW4k6J/clippy-dWx0nL2Jz3s6pylj.png]
[assets.zyrosite.com/cdn-cgi/image/format=auto,w=102,h=100,fit=crop/A1areJjb7KHW4k6J/clippy-dWx0nL2Jz3s6pylj.png]
[assets.zyrosite.com/cdn-cgi/image/format=auto,w=516,h=774,fit=crop/A1areJjb7KHW4k6J/tab_2-Aq2NZGJZj2cNM83q.jpg]
[assets.zyrosite.com/cdn-cgi/image/format=auto,w=328,h=504,fit=crop/A1areJjb7KHW4k6J/tab_2-Aq2NZGJZj2cNM83q.jpg]
[assets.zyrosite.com/cdn-cgi/image/format=auto,w=197,h=132,fit=crop/A1areJjb7KHW4k6J/sol_king-AzGDO7E6Eocx14pd.png]
[assets.zyrosite.com/cdn-cgi/image/format=auto,w=132,h=128,fit=crop/A1areJjb7KHW4k6J/sol_king-AzGDO7E6Eocx14pd.png]
[assets.zyrosite.com/cdn-cgi/image/format=auto,w=169,h=151,fit=crop/A1areJjb7KHW4k6J/clippy-dWx0nL2Jz3s6pylj.png]
[assets.zyrosite.com/cdn-cgi/image/format=auto,w=103,h=100,fit=crop/A1areJjb7KHW4k6J/clippy-dWx0nL2Jz3s6pylj.png]
[assets.zyrosite.com/cdn-cgi/image/format=auto,w=480,h=183,fit=crop/A1areJjb7KHW4k6J/cats_2-dOqNMZO7gQfBKga1.png]
[assets.zyrosite.com/cdn-cgi/image/format=auto,w=328,h=320,fit=crop/A1areJjb7KHW4k6J/cats_2-dOqNMZO7gQfBKga1.png]
[assets.zyrosite.com/cdn-cgi/image/format=auto,w=480,h=320,fit=crop/A1areJjb7KHW4k6J/worm_2-Y4LplPNxvDUBJk3z.png]
[assets.zyrosite.com/cdn-cgi/image/format=auto,w=328,h=320,fit=crop/A1areJjb7KHW4k6J/worm_2-Y4LplPNxvDUBJk3z.png]
[assets.zyrosite.com/A1areJjb7KHW4k6J/mouse-Yanz70LNMlSa99E7.gif]
[assets.zyrosite.com/A1areJjb7KHW4k6J/buy-tab-Aq2NZblZQQu1W721.gif]
[assets.zyrosite.com/cdn-cgi/image/format=auto,w=458,h=320,fit=crop/A1areJjb7KHW4k6J/tab_2-mePGyQP62PceVlNn.png]
[assets.zyrosite.com/cdn-cgi/image/format=auto,w=328,h=216,fit=crop/A1areJjb7KHW4k6J/tab_2-mePGyQP62PceVlNn.png]
[assets.zyrosite.com/cdn-cgi/image/format=auto,w=134,h=90,fit=crop/A1areJjb7KHW4k6J/sol_king-AzGDO7E6Eocx14pd.png]
[assets.zyrosite.com/cdn-cgi/image/format=auto,w=127,h=124,fit=crop/A1areJjb7KHW4k6J/sol_king-AzGDO7E6Eocx14pd.png]
[assets.zyrosite.com/A1areJjb7KHW4k6J/rover-mxB8zbRNvri3bZ6b.gif]
[assets.zyrosite.com/cdn-cgi/image/format=auto,w=241,h=104,fit=crop/A1areJjb7KHW4k6J/bug-AVLNPQyMWEFV0KwJ.jpg]
[assets.zyrosite.com/cdn-cgi/image/format=auto,w=175,h=80,fit=crop/A1areJjb7KHW4k6J/bug-AVLNPQyMWEFV0KwJ.jpg]
[proofofmemes.io/index.html]
[proofofmemes.io/_astro-1707145428600/_slug_.zySgga-T.css]
[proofofmemes.io/t.html]
[proofofmemes.io/_http_/raydium.io/__raydium.io_/a__/u__/span__span.html]
[proofofmemes.io/_http_/raydium.io/__in.html]
[proofofmemes.io/_http_/phantom.app/__phantom.app_/a__/u__/span__/h3__],_desktop__[0,{_top__[0,4224],_left__[0,635],_width__[0,589],_height__[0,70]}],_settings__[0,{_styles__[0,{_text__[0,_left_]
